########## RUNNING shd/shd_evalOnly_noDelay.py
Using device: cuda
Padded time dimension from 100 to 200
Loaded D:\IC_2025\IRP\workspace\my_project\exp_sparse_network\shd\shd_data\shd_whole.mat: X=(9984, 700, 200), Y=(9984,), classes=20
Test set: 1497 samples

######################################################################
# Sparse-network milestone Step 3 (eval-only spike relocation, 1st hidden layer)
# arm: SGD no-delay | dataset: SHD whole | QUICK_TEST=False
# checkpoints: 15 | f: [0.0, 0.2, 0.4, 0.6, 0.8, 1.0] | repeats: 3
######################################################################

[1/15] sparse_whole_nodelay_tgt3_str0.01_seed42
  f=0.0  acc=0.5939 +/- 0.0000
  f=0.2  acc=0.4941 +/- 0.0059
  f=0.4  acc=0.4358 +/- 0.0055
  f=0.6  acc=0.3674 +/- 0.0047
  f=0.8  acc=0.3164 +/- 0.0064
  f=1.0  acc=0.2930 +/- 0.0069

[2/15] sparse_whole_nodelay_tgt3_str0.01_seed43
  f=0.0  acc=0.5598 +/- 0.0000
  f=0.2  acc=0.4707 +/- 0.0011
  f=0.4  acc=0.4242 +/- 0.0142
  f=0.6  acc=0.3788 +/- 0.0068
  f=0.8  acc=0.3371 +/- 0.0032
  f=1.0  acc=0.3082 +/- 0.0092

[3/15] sparse_whole_nodelay_tgt3_str0.01_seed44
  f=0.0  acc=0.5591 +/- 0.0000
  f=0.2  acc=0.4667 +/- 0.0084
  f=0.4  acc=0.4193 +/- 0.0064
  f=0.6  acc=0.3556 +/- 0.0088
  f=0.8  acc=0.2937 +/- 0.0036
  f=1.0  acc=0.2697 +/- 0.0038

[4/15] sparse_whole_nodelay_tgt3_str0.5_seed42
  f=0.0  acc=0.5551 +/- 0.0000
  f=0.2  acc=0.4845 +/- 0.0040
  f=0.4  acc=0.4547 +/- 0.0036
  f=0.6  acc=0.4066 +/- 0.0044
  f=0.8  acc=0.3694 +/- 0.0091
  f=1.0  acc=0.3393 +/- 0.0024

[5/15] sparse_whole_nodelay_tgt3_str0.5_seed43
  f=0.0  acc=0.5785 +/- 0.0000
  f=0.2  acc=0.4476 +/- 0.0058
  f=0.4  acc=0.4155 +/- 0.0067
  f=0.6  acc=0.3805 +/- 0.0076
  f=0.8  acc=0.3478 +/- 0.0037
  f=1.0  acc=0.3398 +/- 0.0049

[6/15] sparse_whole_nodelay_tgt3_str0.5_seed44
  f=0.0  acc=0.5772 +/- 0.0000
  f=0.2  acc=0.4732 +/- 0.0090
  f=0.4  acc=0.4208 +/- 0.0090
  f=0.6  acc=0.3759 +/- 0.0052
  f=0.8  acc=0.3385 +/- 0.0033
  f=1.0  acc=0.3211 +/- 0.0044

[7/15] sparse_whole_nodelay_tgt3_str1_seed42
  f=0.0  acc=0.5478 +/- 0.0000
  f=0.2  acc=0.4983 +/- 0.0117
  f=0.4  acc=0.4665 +/- 0.0150
  f=0.6  acc=0.4286 +/- 0.0008
  f=0.8  acc=0.3894 +/- 0.0038
  f=1.0  acc=0.3710 +/- 0.0086

[8/15] sparse_whole_nodelay_tgt3_str1_seed43
  f=0.0  acc=0.5665 +/- 0.0000
  f=0.2  acc=0.4734 +/- 0.0104
  f=0.4  acc=0.4155 +/- 0.0034
  f=0.6  acc=0.3792 +/- 0.0061
  f=0.8  acc=0.3536 +/- 0.0067
  f=1.0  acc=0.3344 +/- 0.0051

[9/15] sparse_whole_nodelay_tgt3_str1_seed44
  f=0.0  acc=0.5277 +/- 0.0000
  f=0.2  acc=0.4473 +/- 0.0036
  f=0.4  acc=0.4146 +/- 0.0100
  f=0.6  acc=0.3750 +/- 0.0055
  f=0.8  acc=0.3576 +/- 0.0093
  f=1.0  acc=0.3429 +/- 0.0058

[10/15] sparse_whole_nodelay_tgt3_str3_seed42
  f=0.0  acc=0.5444 +/- 0.0000
  f=0.2  acc=0.5026 +/- 0.0035
  f=0.4  acc=0.4892 +/- 0.0040
  f=0.6  acc=0.4754 +/- 0.0032
  f=0.8  acc=0.4538 +/- 0.0026
  f=1.0  acc=0.4438 +/- 0.0022

[11/15] sparse_whole_nodelay_tgt3_str3_seed43
  f=0.0  acc=0.5311 +/- 0.0000
  f=0.2  acc=0.4901 +/- 0.0071
  f=0.4  acc=0.4687 +/- 0.0060
  f=0.6  acc=0.4407 +/- 0.0041
  f=0.8  acc=0.4235 +/- 0.0059
  f=1.0  acc=0.3914 +/- 0.0038

[12/15] sparse_whole_nodelay_tgt3_str3_seed44
  f=0.0  acc=0.5197 +/- 0.0000
  f=0.2  acc=0.4749 +/- 0.0115
  f=0.4  acc=0.4656 +/- 0.0024
  f=0.6  acc=0.4413 +/- 0.0082
  f=0.8  acc=0.4217 +/- 0.0030
  f=1.0  acc=0.4137 +/- 0.0044

[13/15] sparse_whole_nodelay_tgt3_str10_seed42
  f=0.0  acc=0.4983 +/- 0.0000
  f=0.2  acc=0.4738 +/- 0.0011
  f=0.4  acc=0.4538 +/- 0.0057
  f=0.6  acc=0.4458 +/- 0.0077
  f=0.8  acc=0.4326 +/- 0.0039
  f=1.0  acc=0.4155 +/- 0.0072

[14/15] sparse_whole_nodelay_tgt3_str10_seed43
  f=0.0  acc=0.5157 +/- 0.0000
  f=0.2  acc=0.4707 +/- 0.0025
  f=0.4  acc=0.4560 +/- 0.0036
  f=0.6  acc=0.4409 +/- 0.0098
  f=0.8  acc=0.4257 +/- 0.0027
  f=1.0  acc=0.4193 +/- 0.0126

[15/15] sparse_whole_nodelay_tgt3_str10_seed44
  f=0.0  acc=0.4870 +/- 0.0000
  f=0.2  acc=0.4692 +/- 0.0065
  f=0.4  acc=0.4415 +/- 0.0063
  f=0.6  acc=0.4393 +/- 0.0085
  f=0.8  acc=0.4217 +/- 0.0107
  f=1.0  acc=0.4151 +/- 0.0030

Relocation sweep saved to D:\IC_2025\IRP\workspace\my_project\exp_sparse_network\shd\log\sparse_whole_nodelay_shd_eval_v3window.json

run_tag                                       sp/neuron   acc(0)  acc(1.0)  retention
sparse_whole_nodelay_tgt3_str0.01_seed42           6.50   0.5939    0.2930      0.447
sparse_whole_nodelay_tgt3_str0.01_seed43           7.85   0.5598    0.3082      0.506
sparse_whole_nodelay_tgt3_str0.01_seed44           6.80   0.5591    0.2697      0.431
sparse_whole_nodelay_tgt3_str0.5_seed42            4.31   0.5551    0.3393      0.573
sparse_whole_nodelay_tgt3_str0.5_seed43            4.71   0.5785    0.3398      0.548
sparse_whole_nodelay_tgt3_str0.5_seed44            3.99   0.5772    0.3211      0.514
sparse_whole_nodelay_tgt3_str1_seed42              2.91   0.5478    0.3710      0.645
sparse_whole_nodelay_tgt3_str1_seed43              3.36   0.5665    0.3344      0.551
sparse_whole_nodelay_tgt3_str1_seed44              3.17   0.5277    0.3429      0.613
sparse_whole_nodelay_tgt3_str3_seed42              2.04   0.5444    0.4438      0.796
sparse_whole_nodelay_tgt3_str3_seed43              1.72   0.5311    0.3914      0.710
sparse_whole_nodelay_tgt3_str3_seed44              1.82   0.5197    0.4137      0.774
sparse_whole_nodelay_tgt3_str10_seed42             1.42   0.4983    0.4155      0.815
sparse_whole_nodelay_tgt3_str10_seed43             1.38   0.5157    0.4193      0.793
sparse_whole_nodelay_tgt3_str10_seed44             1.21   0.4870    0.4151      0.835
########## RUNNING shd/shd_evalOnly_withDelay.py
Using device: cuda
Padded time dimension from 100 to 200
Loaded D:\IC_2025\IRP\workspace\my_project\exp_sparse_network\shd\shd_data\shd_whole.mat: X=(9984, 700, 200), Y=(9984,), classes=20
Test set: 1497 samples

######################################################################
# Sparse-network milestone Step 3 (eval-only spike relocation, 1st hidden layer)
# arm: SGD-delay | dataset: SHD whole | QUICK_TEST=False
# checkpoints: 12 | f: [0.0, 0.2, 0.4, 0.6, 0.8, 1.0] | repeats: 3
######################################################################

[1/12] sparse_whole_delay_tgt3_str0.01_seed42
  f=0.0  acc=0.8831 +/- 0.0000
  f=0.2  acc=0.8285 +/- 0.0036
  f=0.4  acc=0.6849 +/- 0.0041
  f=0.6  acc=0.5161 +/- 0.0055
  f=0.8  acc=0.3781 +/- 0.0081
  f=1.0  acc=0.3269 +/- 0.0021

[2/12] sparse_whole_delay_tgt3_str0.01_seed43
  f=0.0  acc=0.8637 +/- 0.0000
  f=0.2  acc=0.7820 +/- 0.0014
  f=0.4  acc=0.6052 +/- 0.0054
  f=0.6  acc=0.4075 +/- 0.0083
  f=0.8  acc=0.2930 +/- 0.0056
  f=1.0  acc=0.2374 +/- 0.0046

[3/12] sparse_whole_delay_tgt3_str0.01_seed44
  f=0.0  acc=0.8591 +/- 0.0000
  f=0.2  acc=0.7934 +/- 0.0060
  f=0.4  acc=0.6489 +/- 0.0025
  f=0.6  acc=0.4525 +/- 0.0082
  f=0.8  acc=0.3327 +/- 0.0005
  f=1.0  acc=0.2728 +/- 0.0055

[4/12] sparse_whole_delay_tgt3_str1_seed42
  f=0.0  acc=0.8644 +/- 0.0000
  f=0.2  acc=0.7882 +/- 0.0070
  f=0.4  acc=0.6829 +/- 0.0055
  f=0.6  acc=0.5578 +/- 0.0061
  f=0.8  acc=0.4407 +/- 0.0008
  f=1.0  acc=0.3705 +/- 0.0026

[5/12] sparse_whole_delay_tgt3_str1_seed43
  f=0.0  acc=0.8410 +/- 0.0000
  f=0.2  acc=0.7655 +/- 0.0061
  f=0.4  acc=0.6664 +/- 0.0052
  f=0.6  acc=0.5611 +/- 0.0055
  f=0.8  acc=0.4725 +/- 0.0071
  f=1.0  acc=0.4028 +/- 0.0091

[6/12] sparse_whole_delay_tgt3_str1_seed44
  f=0.0  acc=0.8377 +/- 0.0000
  f=0.2  acc=0.7506 +/- 0.0027
  f=0.4  acc=0.6406 +/- 0.0066
  f=0.6  acc=0.5153 +/- 0.0055
  f=0.8  acc=0.4293 +/- 0.0062
  f=1.0  acc=0.3699 +/- 0.0006

[7/12] sparse_whole_delay_tgt3_str3_seed42
  f=0.0  acc=0.8250 +/- 0.0000
  f=0.2  acc=0.7557 +/- 0.0050
  f=0.4  acc=0.6733 +/- 0.0095
  f=0.6  acc=0.5647 +/- 0.0038
  f=0.8  acc=0.4747 +/- 0.0069
  f=1.0  acc=0.4099 +/- 0.0106

[8/12] sparse_whole_delay_tgt3_str3_seed43
  f=0.0  acc=0.7996 +/- 0.0000
  f=0.2  acc=0.7248 +/- 0.0052
  f=0.4  acc=0.6161 +/- 0.0044
  f=0.6  acc=0.5068 +/- 0.0044
  f=0.8  acc=0.4293 +/- 0.0086
  f=1.0  acc=0.3685 +/- 0.0079

[9/12] sparse_whole_delay_tgt3_str3_seed44
  f=0.0  acc=0.8530 +/- 0.0000
  f=0.2  acc=0.7713 +/- 0.0031
  f=0.4  acc=0.6622 +/- 0.0046
  f=0.6  acc=0.5562 +/- 0.0060
  f=0.8  acc=0.4527 +/- 0.0098
  f=1.0  acc=0.3939 +/- 0.0003

[10/12] sparse_whole_delay_tgt3_str10_seed42
  f=0.0  acc=0.8190 +/- 0.0000
  f=0.2  acc=0.7720 +/- 0.0081
  f=0.4  acc=0.6869 +/- 0.0019
  f=0.6  acc=0.5941 +/- 0.0092
  f=0.8  acc=0.4972 +/- 0.0082
  f=1.0  acc=0.4173 +/- 0.0057

[11/12] sparse_whole_delay_tgt3_str10_seed43
  f=0.0  acc=0.7796 +/- 0.0000
  f=0.2  acc=0.7181 +/- 0.0033
  f=0.4  acc=0.6306 +/- 0.0087
  f=0.6  acc=0.5346 +/- 0.0057
  f=0.8  acc=0.4623 +/- 0.0113
  f=1.0  acc=0.3963 +/- 0.0053

[12/12] sparse_whole_delay_tgt3_str10_seed44
  f=0.0  acc=0.8183 +/- 0.0000
  f=0.2  acc=0.7709 +/- 0.0034
  f=0.4  acc=0.6856 +/- 0.0026
  f=0.6  acc=0.5858 +/- 0.0059
  f=0.8  acc=0.4950 +/- 0.0020
  f=1.0  acc=0.4208 +/- 0.0071

Relocation sweep saved to D:\IC_2025\IRP\workspace\my_project\exp_sparse_network\shd\log\sparse_whole_delay_shd_eval_v3window.json

run_tag                                       sp/neuron   acc(0)  acc(1.0)  retention
sparse_whole_delay_tgt3_str0.01_seed42            11.66   0.8831    0.3269      0.332
sparse_whole_delay_tgt3_str0.01_seed43             8.30   0.8637    0.2374      0.230
sparse_whole_delay_tgt3_str0.01_seed44             9.41   0.8591    0.2728      0.275
sparse_whole_delay_tgt3_str1_seed42                4.80   0.8644    0.3705      0.394
sparse_whole_delay_tgt3_str1_seed43                4.98   0.8410    0.4028      0.446
sparse_whole_delay_tgt3_str1_seed44                4.79   0.8377    0.3699      0.406
sparse_whole_delay_tgt3_str3_seed42                3.01   0.8250    0.4099      0.464
sparse_whole_delay_tgt3_str3_seed43                2.78   0.7996    0.3685      0.425
sparse_whole_delay_tgt3_str3_seed44                3.21   0.8530    0.3939      0.428
sparse_whole_delay_tgt3_str10_seed42               2.12   0.8190    0.4173      0.478
sparse_whole_delay_tgt3_str10_seed43               2.21   0.7796    0.3963      0.475
sparse_whole_delay_tgt3_str10_seed44               2.48   0.8183    0.4208      0.483
########## RUNNING jitter/jitter_evalOnly_noDelay.py
Using device: cuda
Padded time dimension from 100 to 200
Loaded D:\IC_2025\IRP\workspace\my_project\exp_sparse_network\jitter\..\shd\shd_data\shd_whole.mat: X=(9984, 700, 200), Y=(9984,), classes=20
Test set: 1497 samples

######################################################################
# Sparse-network milestone Step 3 (eval-only jitter, 1st hidden layer)
# arm: SGD no-delay | dataset: SHD whole | QUICK_TEST=False
# checkpoints: 15 | sigmas: [0, 1, 3, 5, 10, 17, 25] | repeats: 3
######################################################################

[1/15] sparse_whole_nodelay_tgt3_str0.01_seed42
  sigma=0   acc=0.5939 +/- 0.0000
  sigma=1   acc=0.5912 +/- 0.0024
  sigma=3   acc=0.4645 +/- 0.0049
  sigma=5   acc=0.3848 +/- 0.0055
  sigma=10  acc=0.3246 +/- 0.0109
  sigma=17  acc=0.3122 +/- 0.0083
  sigma=25  acc=0.3053 +/- 0.0024

[2/15] sparse_whole_nodelay_tgt3_str0.01_seed43
  sigma=0   acc=0.5598 +/- 0.0000
  sigma=1   acc=0.5578 +/- 0.0110
  sigma=3   acc=0.4781 +/- 0.0017
  sigma=5   acc=0.4113 +/- 0.0057
  sigma=10  acc=0.3449 +/- 0.0048
  sigma=17  acc=0.3206 +/- 0.0028
  sigma=25  acc=0.3155 +/- 0.0042

[3/15] sparse_whole_nodelay_tgt3_str0.01_seed44
  sigma=0   acc=0.5591 +/- 0.0000
  sigma=1   acc=0.5364 +/- 0.0099
  sigma=3   acc=0.4534 +/- 0.0018
  sigma=5   acc=0.4079 +/- 0.0051
  sigma=10  acc=0.3465 +/- 0.0073
  sigma=17  acc=0.3184 +/- 0.0058
  sigma=25  acc=0.2906 +/- 0.0134

[4/15] sparse_whole_nodelay_tgt3_str0.5_seed42
  sigma=0   acc=0.5551 +/- 0.0000
  sigma=1   acc=0.5587 +/- 0.0027
  sigma=3   acc=0.5068 +/- 0.0006
  sigma=5   acc=0.4364 +/- 0.0037
  sigma=10  acc=0.3721 +/- 0.0054
  sigma=17  acc=0.3523 +/- 0.0023
  sigma=25  acc=0.3540 +/- 0.0053

[5/15] sparse_whole_nodelay_tgt3_str0.5_seed43
  sigma=0   acc=0.5785 +/- 0.0000
  sigma=1   acc=0.5671 +/- 0.0072
  sigma=3   acc=0.4819 +/- 0.0106
  sigma=5   acc=0.4253 +/- 0.0046
  sigma=10  acc=0.3861 +/- 0.0016
  sigma=17  acc=0.3569 +/- 0.0025
  sigma=25  acc=0.3358 +/- 0.0108

[6/15] sparse_whole_nodelay_tgt3_str0.5_seed44
  sigma=0   acc=0.5772 +/- 0.0000
  sigma=1   acc=0.5475 +/- 0.0105
  sigma=3   acc=0.4623 +/- 0.0044
  sigma=5   acc=0.3968 +/- 0.0045
  sigma=10  acc=0.3436 +/- 0.0078
  sigma=17  acc=0.3269 +/- 0.0078
  sigma=25  acc=0.3220 +/- 0.0061

[7/15] sparse_whole_nodelay_tgt3_str1_seed42
  sigma=0   acc=0.5478 +/- 0.0000
  sigma=1   acc=0.5487 +/- 0.0074
  sigma=3   acc=0.4868 +/- 0.0058
  sigma=5   acc=0.4402 +/- 0.0047
  sigma=10  acc=0.3810 +/- 0.0045
  sigma=17  acc=0.3754 +/- 0.0090
  sigma=25  acc=0.3634 +/- 0.0044

[8/15] sparse_whole_nodelay_tgt3_str1_seed43
  sigma=0   acc=0.5665 +/- 0.0000
  sigma=1   acc=0.5266 +/- 0.0092
  sigma=3   acc=0.4453 +/- 0.0023
  sigma=5   acc=0.3912 +/- 0.0104
  sigma=10  acc=0.3467 +/- 0.0043
  sigma=17  acc=0.3316 +/- 0.0076
  sigma=25  acc=0.3336 +/- 0.0041

[9/15] sparse_whole_nodelay_tgt3_str1_seed44
  sigma=0   acc=0.5277 +/- 0.0000
  sigma=1   acc=0.5230 +/- 0.0117
  sigma=3   acc=0.4409 +/- 0.0081
  sigma=5   acc=0.3966 +/- 0.0127
  sigma=10  acc=0.3618 +/- 0.0045
  sigma=17  acc=0.3396 +/- 0.0036
  sigma=25  acc=0.3215 +/- 0.0058

[10/15] sparse_whole_nodelay_tgt3_str3_seed42
  sigma=0   acc=0.5444 +/- 0.0000
  sigma=1   acc=0.5304 +/- 0.0052
  sigma=3   acc=0.4912 +/- 0.0011
  sigma=5   acc=0.4778 +/- 0.0022
  sigma=10  acc=0.4387 +/- 0.0041
  sigma=17  acc=0.4311 +/- 0.0102
  sigma=25  acc=0.4369 +/- 0.0043

[11/15] sparse_whole_nodelay_tgt3_str3_seed43
  sigma=0   acc=0.5311 +/- 0.0000
  sigma=1   acc=0.5106 +/- 0.0056
  sigma=3   acc=0.4714 +/- 0.0027
  sigma=5   acc=0.4367 +/- 0.0030
  sigma=10  acc=0.3988 +/- 0.0049
  sigma=17  acc=0.3834 +/- 0.0057
  sigma=25  acc=0.3932 +/- 0.0013

[12/15] sparse_whole_nodelay_tgt3_str3_seed44
  sigma=0   acc=0.5197 +/- 0.0000
  sigma=1   acc=0.5079 +/- 0.0044
  sigma=3   acc=0.4605 +/- 0.0044
  sigma=5   acc=0.4402 +/- 0.0049
  sigma=10  acc=0.4271 +/- 0.0035
  sigma=17  acc=0.4097 +/- 0.0035
  sigma=25  acc=0.4064 +/- 0.0085

[13/15] sparse_whole_nodelay_tgt3_str10_seed42
  sigma=0   acc=0.4983 +/- 0.0000
  sigma=1   acc=0.4930 +/- 0.0057
  sigma=3   acc=0.4721 +/- 0.0094
  sigma=5   acc=0.4518 +/- 0.0052
  sigma=10  acc=0.4195 +/- 0.0061
  sigma=17  acc=0.4215 +/- 0.0033
  sigma=25  acc=0.4095 +/- 0.0057

[14/15] sparse_whole_nodelay_tgt3_str10_seed43
  sigma=0   acc=0.5157 +/- 0.0000
  sigma=1   acc=0.4986 +/- 0.0071
  sigma=3   acc=0.4741 +/- 0.0088
  sigma=5   acc=0.4596 +/- 0.0024
  sigma=10  acc=0.4415 +/- 0.0100
  sigma=17  acc=0.4222 +/- 0.0020
  sigma=25  acc=0.4188 +/- 0.0029

[15/15] sparse_whole_nodelay_tgt3_str10_seed44
  sigma=0   acc=0.4870 +/- 0.0000
  sigma=1   acc=0.4892 +/- 0.0041
  sigma=3   acc=0.4596 +/- 0.0068
  sigma=5   acc=0.4378 +/- 0.0065
  sigma=10  acc=0.4248 +/- 0.0057
  sigma=17  acc=0.4191 +/- 0.0069
  sigma=25  acc=0.4033 +/- 0.0051

Jitter sweep saved to D:\IC_2025\IRP\workspace\my_project\exp_sparse_network\jitter\log\sparse_whole_nodelay_jitter_eval_v3window.json

run_tag                                       sp/neuron   acc(0)   acc(25)  retention
sparse_whole_nodelay_tgt3_str0.01_seed42           6.50   0.5939    0.3053      0.469
sparse_whole_nodelay_tgt3_str0.01_seed43           7.85   0.5598    0.3155      0.521
sparse_whole_nodelay_tgt3_str0.01_seed44           6.80   0.5591    0.2906      0.473
sparse_whole_nodelay_tgt3_str0.5_seed42            4.31   0.5551    0.3540      0.602
sparse_whole_nodelay_tgt3_str0.5_seed43            4.71   0.5785    0.3358      0.541
sparse_whole_nodelay_tgt3_str0.5_seed44            3.99   0.5772    0.3220      0.516
sparse_whole_nodelay_tgt3_str1_seed42              2.91   0.5478    0.3634      0.630
sparse_whole_nodelay_tgt3_str1_seed43              3.36   0.5665    0.3336      0.549
sparse_whole_nodelay_tgt3_str1_seed44              3.17   0.5277    0.3215      0.568
sparse_whole_nodelay_tgt3_str3_seed42              2.04   0.5444    0.4369      0.782
sparse_whole_nodelay_tgt3_str3_seed43              1.72   0.5311    0.3932      0.713
sparse_whole_nodelay_tgt3_str3_seed44              1.82   0.5197    0.4064      0.759
sparse_whole_nodelay_tgt3_str10_seed42             1.42   0.4983    0.4095      0.802
sparse_whole_nodelay_tgt3_str10_seed43             1.38   0.5157    0.4188      0.792
sparse_whole_nodelay_tgt3_str10_seed44             1.21   0.4870    0.4033      0.808
########## RUNNING jitter/jitter_evalOnly_withDelay.py
Using device: cuda
Padded time dimension from 100 to 200
Loaded D:\IC_2025\IRP\workspace\my_project\exp_sparse_network\jitter\..\shd\shd_data\shd_whole.mat: X=(9984, 700, 200), Y=(9984,), classes=20
Test set: 1497 samples

######################################################################
# Sparse-network milestone Step 3 (eval-only jitter, 1st hidden layer)
# arm: SGD-delay | dataset: SHD whole | QUICK_TEST=False
# checkpoints: 12 | sigmas: [0, 1, 3, 5, 10, 17, 25] | repeats: 3
######################################################################

[1/12] sparse_whole_delay_tgt3_str0.01_seed42
  sigma=0   acc=0.8831 +/- 0.0000
  sigma=1   acc=0.8635 +/- 0.0090
  sigma=3   acc=0.7974 +/- 0.0035
  sigma=5   acc=0.6711 +/- 0.0063
  sigma=10  acc=0.5050 +/- 0.0058
  sigma=17  acc=0.4182 +/- 0.0057
  sigma=25  acc=0.3770 +/- 0.0055

[2/12] sparse_whole_delay_tgt3_str0.01_seed43
  sigma=0   acc=0.8637 +/- 0.0000
  sigma=1   acc=0.8464 +/- 0.0028
  sigma=3   acc=0.7506 +/- 0.0076
  sigma=5   acc=0.6348 +/- 0.0008
  sigma=10  acc=0.4204 +/- 0.0063
  sigma=17  acc=0.3124 +/- 0.0081
  sigma=25  acc=0.2725 +/- 0.0048

[3/12] sparse_whole_delay_tgt3_str0.01_seed44
  sigma=0   acc=0.8591 +/- 0.0000
  sigma=1   acc=0.8424 +/- 0.0030
  sigma=3   acc=0.7727 +/- 0.0062
  sigma=5   acc=0.6716 +/- 0.0017
  sigma=10  acc=0.5128 +/- 0.0039
  sigma=17  acc=0.3946 +/- 0.0060
  sigma=25  acc=0.3407 +/- 0.0022

[4/12] sparse_whole_delay_tgt3_str1_seed42
  sigma=0   acc=0.8644 +/- 0.0000
  sigma=1   acc=0.8473 +/- 0.0016
  sigma=3   acc=0.7838 +/- 0.0055
  sigma=5   acc=0.7083 +/- 0.0040
  sigma=10  acc=0.5500 +/- 0.0088
  sigma=17  acc=0.4634 +/- 0.0006
  sigma=25  acc=0.4240 +/- 0.0016

[5/12] sparse_whole_delay_tgt3_str1_seed43
  sigma=0   acc=0.8410 +/- 0.0000
  sigma=1   acc=0.8181 +/- 0.0022
  sigma=3   acc=0.7738 +/- 0.0065
  sigma=5   acc=0.7154 +/- 0.0061
  sigma=10  acc=0.5959 +/- 0.0066
  sigma=17  acc=0.5052 +/- 0.0042
  sigma=25  acc=0.4482 +/- 0.0025

[6/12] sparse_whole_delay_tgt3_str1_seed44
  sigma=0   acc=0.8377 +/- 0.0000
  sigma=1   acc=0.8219 +/- 0.0008
  sigma=3   acc=0.7366 +/- 0.0035
  sigma=5   acc=0.6359 +/- 0.0041
  sigma=10  acc=0.5155 +/- 0.0080
  sigma=17  acc=0.4395 +/- 0.0061
  sigma=25  acc=0.4135 +/- 0.0050

[7/12] sparse_whole_delay_tgt3_str3_seed42
  sigma=0   acc=0.8250 +/- 0.0000
  sigma=1   acc=0.8047 +/- 0.0022
  sigma=3   acc=0.7486 +/- 0.0069
  sigma=5   acc=0.6892 +/- 0.0049
  sigma=10  acc=0.5774 +/- 0.0071
  sigma=17  acc=0.5057 +/- 0.0025
  sigma=25  acc=0.4596 +/- 0.0043

[8/12] sparse_whole_delay_tgt3_str3_seed43
  sigma=0   acc=0.7996 +/- 0.0000
  sigma=1   acc=0.7853 +/- 0.0078
  sigma=3   acc=0.7194 +/- 0.0058
  sigma=5   acc=0.6324 +/- 0.0082
  sigma=10  acc=0.5001 +/- 0.0115
  sigma=17  acc=0.4246 +/- 0.0079
  sigma=25  acc=0.3950 +/- 0.0047

[9/12] sparse_whole_delay_tgt3_str3_seed44
  sigma=0   acc=0.8530 +/- 0.0000
  sigma=1   acc=0.8354 +/- 0.0014
  sigma=3   acc=0.7660 +/- 0.0060
  sigma=5   acc=0.6903 +/- 0.0040
  sigma=10  acc=0.5522 +/- 0.0088
  sigma=17  acc=0.4698 +/- 0.0079
  sigma=25  acc=0.4400 +/- 0.0018

[10/12] sparse_whole_delay_tgt3_str10_seed42
  sigma=0   acc=0.8190 +/- 0.0000
  sigma=1   acc=0.8003 +/- 0.0036
  sigma=3   acc=0.7439 +/- 0.0074
  sigma=5   acc=0.6696 +/- 0.0056
  sigma=10  acc=0.5760 +/- 0.0039
  sigma=17  acc=0.5041 +/- 0.0093
  sigma=25  acc=0.4714 +/- 0.0056

[11/12] sparse_whole_delay_tgt3_str10_seed43
  sigma=0   acc=0.7796 +/- 0.0000
  sigma=1   acc=0.7613 +/- 0.0036
  sigma=3   acc=0.6987 +/- 0.0085
  sigma=5   acc=0.6413 +/- 0.0066
  sigma=10  acc=0.5186 +/- 0.0139
  sigma=17  acc=0.4540 +/- 0.0022
  sigma=25  acc=0.4253 +/- 0.0058

[12/12] sparse_whole_delay_tgt3_str10_seed44
  sigma=0   acc=0.8183 +/- 0.0000
  sigma=1   acc=0.7994 +/- 0.0006
  sigma=3   acc=0.7248 +/- 0.0038
  sigma=5   acc=0.6511 +/- 0.0047
  sigma=10  acc=0.5460 +/- 0.0019
  sigma=17  acc=0.4738 +/- 0.0098
  sigma=25  acc=0.4485 +/- 0.0035

Jitter sweep saved to D:\IC_2025\IRP\workspace\my_project\exp_sparse_network\jitter\log\sparse_whole_delay_jitter_eval_v3window.json

run_tag                                       sp/neuron   acc(0)   acc(25)  retention
sparse_whole_delay_tgt3_str0.01_seed42            11.66   0.8831    0.3770      0.392
sparse_whole_delay_tgt3_str0.01_seed43             8.30   0.8637    0.2725      0.273
sparse_whole_delay_tgt3_str0.01_seed44             9.41   0.8591    0.3407      0.359
sparse_whole_delay_tgt3_str1_seed42                4.80   0.8644    0.4240      0.459
sparse_whole_delay_tgt3_str1_seed43                4.98   0.8410    0.4482      0.503
sparse_whole_delay_tgt3_str1_seed44                4.79   0.8377    0.4135      0.461
sparse_whole_delay_tgt3_str3_seed42                3.01   0.8250    0.4596      0.529
sparse_whole_delay_tgt3_str3_seed43                2.78   0.7996    0.3950      0.460
sparse_whole_delay_tgt3_str3_seed44                3.21   0.8530    0.4400      0.486
sparse_whole_delay_tgt3_str10_seed42               2.12   0.8190    0.4714      0.548
sparse_whole_delay_tgt3_str10_seed43               2.21   0.7796    0.4253      0.514
sparse_whole_delay_tgt3_str10_seed44               2.48   0.8183    0.4485      0.519
########## RUNNING deletion/deletion_evalOnly_noDelay.py
Using device: cuda
Padded time dimension from 100 to 200
Loaded D:\IC_2025\IRP\workspace\my_project\exp_sparse_network\deletion\..\shd\shd_data\shd_whole.mat: X=(9984, 700, 200), Y=(9984,), classes=20
Test set: 1497 samples

######################################################################
# Sparse-network milestone Step 3 (eval-only deletion, 1st hidden layer)
# arm: SGD no-delay | dataset: SHD whole | QUICK_TEST=False
# checkpoints: 15 | p_d: [0.0, 0.2, 0.4, 0.6, 0.8] | repeats: 3
######################################################################

[1/15] sparse_whole_nodelay_tgt3_str0.01_seed42
  p_d=0.0  acc=0.5939 +/- 0.0000
  p_d=0.2  acc=0.5271 +/- 0.0047
  p_d=0.4  acc=0.4362 +/- 0.0100
  p_d=0.6  acc=0.3358 +/- 0.0108
  p_d=0.8  acc=0.1942 +/- 0.0022

[2/15] sparse_whole_nodelay_tgt3_str0.01_seed43
  p_d=0.0  acc=0.5598 +/- 0.0000
  p_d=0.2  acc=0.5075 +/- 0.0069
  p_d=0.4  acc=0.4262 +/- 0.0057
  p_d=0.6  acc=0.3113 +/- 0.0081
  p_d=0.8  acc=0.1813 +/- 0.0151

[3/15] sparse_whole_nodelay_tgt3_str0.01_seed44
  p_d=0.0  acc=0.5591 +/- 0.0000
  p_d=0.2  acc=0.4992 +/- 0.0013
  p_d=0.4  acc=0.4269 +/- 0.0086
  p_d=0.6  acc=0.3309 +/- 0.0037
  p_d=0.8  acc=0.1902 +/- 0.0110

[4/15] sparse_whole_nodelay_tgt3_str0.5_seed42
  p_d=0.0  acc=0.5551 +/- 0.0000
  p_d=0.2  acc=0.5059 +/- 0.0083
  p_d=0.4  acc=0.4433 +/- 0.0080
  p_d=0.6  acc=0.3438 +/- 0.0057
  p_d=0.8  acc=0.2102 +/- 0.0092

[5/15] sparse_whole_nodelay_tgt3_str0.5_seed43
  p_d=0.0  acc=0.5785 +/- 0.0000
  p_d=0.2  acc=0.5121 +/- 0.0098
  p_d=0.4  acc=0.4144 +/- 0.0031
  p_d=0.6  acc=0.2941 +/- 0.0036
  p_d=0.8  acc=0.1859 +/- 0.0074

[6/15] sparse_whole_nodelay_tgt3_str0.5_seed44
  p_d=0.0  acc=0.5772 +/- 0.0000
  p_d=0.2  acc=0.5173 +/- 0.0061
  p_d=0.4  acc=0.4378 +/- 0.0063
  p_d=0.6  acc=0.3320 +/- 0.0177
  p_d=0.8  acc=0.2135 +/- 0.0039

[7/15] sparse_whole_nodelay_tgt3_str1_seed42
  p_d=0.0  acc=0.5478 +/- 0.0000
  p_d=0.2  acc=0.5075 +/- 0.0079
  p_d=0.4  acc=0.4411 +/- 0.0101
  p_d=0.6  acc=0.3505 +/- 0.0050
  p_d=0.8  acc=0.2276 +/- 0.0008

[8/15] sparse_whole_nodelay_tgt3_str1_seed43
  p_d=0.0  acc=0.5665 +/- 0.0000
  p_d=0.2  acc=0.4883 +/- 0.0088
  p_d=0.4  acc=0.4053 +/- 0.0091
  p_d=0.6  acc=0.3095 +/- 0.0171
  p_d=0.8  acc=0.1968 +/- 0.0069

[9/15] sparse_whole_nodelay_tgt3_str1_seed44
  p_d=0.0  acc=0.5277 +/- 0.0000
  p_d=0.2  acc=0.4823 +/- 0.0005
  p_d=0.4  acc=0.4124 +/- 0.0052
  p_d=0.6  acc=0.3055 +/- 0.0054
  p_d=0.8  acc=0.1910 +/- 0.0054

[10/15] sparse_whole_nodelay_tgt3_str3_seed42
  p_d=0.0  acc=0.5444 +/- 0.0000
  p_d=0.2  acc=0.4881 +/- 0.0044
  p_d=0.4  acc=0.4398 +/- 0.0068
  p_d=0.6  acc=0.3616 +/- 0.0046
  p_d=0.8  acc=0.2554 +/- 0.0046

[11/15] sparse_whole_nodelay_tgt3_str3_seed43
  p_d=0.0  acc=0.5311 +/- 0.0000
  p_d=0.2  acc=0.4861 +/- 0.0094
  p_d=0.4  acc=0.4375 +/- 0.0029
  p_d=0.6  acc=0.3716 +/- 0.0051
  p_d=0.8  acc=0.2501 +/- 0.0082

[12/15] sparse_whole_nodelay_tgt3_str3_seed44
  p_d=0.0  acc=0.5197 +/- 0.0000
  p_d=0.2  acc=0.4892 +/- 0.0023
  p_d=0.4  acc=0.4344 +/- 0.0098
  p_d=0.6  acc=0.3491 +/- 0.0082
  p_d=0.8  acc=0.2585 +/- 0.0124

[13/15] sparse_whole_nodelay_tgt3_str10_seed42
  p_d=0.0  acc=0.4983 +/- 0.0000
  p_d=0.2  acc=0.4707 +/- 0.0117
  p_d=0.4  acc=0.4168 +/- 0.0091
  p_d=0.6  acc=0.3556 +/- 0.0054
  p_d=0.8  acc=0.2661 +/- 0.0014

[14/15] sparse_whole_nodelay_tgt3_str10_seed43
  p_d=0.0  acc=0.5157 +/- 0.0000
  p_d=0.2  acc=0.4738 +/- 0.0019
  p_d=0.4  acc=0.4266 +/- 0.0062
  p_d=0.6  acc=0.3574 +/- 0.0044
  p_d=0.8  acc=0.2685 +/- 0.0081

[15/15] sparse_whole_nodelay_tgt3_str10_seed44
  p_d=0.0  acc=0.4870 +/- 0.0000
  p_d=0.2  acc=0.4467 +/- 0.0016
  p_d=0.4  acc=0.4039 +/- 0.0027
  p_d=0.6  acc=0.3529 +/- 0.0073
  p_d=0.8  acc=0.2670 +/- 0.0102

Deletion sweep saved to D:\IC_2025\IRP\workspace\my_project\exp_sparse_network\deletion\log\sparse_whole_nodelay_deletion_eval.json

run_tag                                       sp/neuron   acc(0)  acc(0.8)  retention
sparse_whole_nodelay_tgt3_str0.01_seed42           6.50   0.5939    0.1942      0.265
sparse_whole_nodelay_tgt3_str0.01_seed43           7.85   0.5598    0.1813      0.257
sparse_whole_nodelay_tgt3_str0.01_seed44           6.80   0.5591    0.1902      0.275
sparse_whole_nodelay_tgt3_str0.5_seed42            4.31   0.5551    0.2102      0.317
sparse_whole_nodelay_tgt3_str0.5_seed43            4.71   0.5785    0.1859      0.257
sparse_whole_nodelay_tgt3_str0.5_seed44            3.99   0.5772    0.2135      0.310
sparse_whole_nodelay_tgt3_str1_seed42              2.91   0.5478    0.2276      0.357
sparse_whole_nodelay_tgt3_str1_seed43              3.36   0.5665    0.1968      0.284
sparse_whole_nodelay_tgt3_str1_seed44              3.17   0.5277    0.1910      0.295
sparse_whole_nodelay_tgt3_str3_seed42              2.04   0.5444    0.2554      0.415
sparse_whole_nodelay_tgt3_str3_seed43              1.72   0.5311    0.2501      0.416
sparse_whole_nodelay_tgt3_str3_seed44              1.82   0.5197    0.2585      0.444
sparse_whole_nodelay_tgt3_str10_seed42             1.42   0.4983    0.2661      0.482
sparse_whole_nodelay_tgt3_str10_seed43             1.38   0.5157    0.2685      0.469
sparse_whole_nodelay_tgt3_str10_seed44             1.21   0.4870    0.2670      0.497
########## RUNNING deletion/deletion_evalOnly_withDelay.py
Using device: cuda
Padded time dimension from 100 to 200
Loaded D:\IC_2025\IRP\workspace\my_project\exp_sparse_network\deletion\..\shd\shd_data\shd_whole.mat: X=(9984, 700, 200), Y=(9984,), classes=20
Test set: 1497 samples

######################################################################
# Sparse-network milestone Step 3 (eval-only deletion, 1st hidden layer)
# arm: SGD-delay | dataset: SHD whole | QUICK_TEST=False
# checkpoints: 12 | p_d: [0.0, 0.2, 0.4, 0.6, 0.8] | repeats: 3
######################################################################

[1/12] sparse_whole_delay_tgt3_str0.01_seed42
  p_d=0.0  acc=0.8831 +/- 0.0000
  p_d=0.2  acc=0.8292 +/- 0.0088
  p_d=0.4  acc=0.6978 +/- 0.0074
  p_d=0.6  acc=0.4805 +/- 0.0017
  p_d=0.8  acc=0.2336 +/- 0.0083

[2/12] sparse_whole_delay_tgt3_str0.01_seed43
  p_d=0.0  acc=0.8637 +/- 0.0000
  p_d=0.2  acc=0.7960 +/- 0.0061
  p_d=0.4  acc=0.6676 +/- 0.0035
  p_d=0.6  acc=0.4587 +/- 0.0076
  p_d=0.8  acc=0.2247 +/- 0.0033

[3/12] sparse_whole_delay_tgt3_str0.01_seed44
  p_d=0.0  acc=0.8591 +/- 0.0000
  p_d=0.2  acc=0.7996 +/- 0.0039
  p_d=0.4  acc=0.6682 +/- 0.0085
  p_d=0.6  acc=0.4796 +/- 0.0022
  p_d=0.8  acc=0.2639 +/- 0.0072

[4/12] sparse_whole_delay_tgt3_str1_seed42
  p_d=0.0  acc=0.8644 +/- 0.0000
  p_d=0.2  acc=0.7909 +/- 0.0079
  p_d=0.4  acc=0.6633 +/- 0.0027
  p_d=0.6  acc=0.4652 +/- 0.0039
  p_d=0.8  acc=0.2552 +/- 0.0080

[5/12] sparse_whole_delay_tgt3_str1_seed43
  p_d=0.0  acc=0.8410 +/- 0.0000
  p_d=0.2  acc=0.7816 +/- 0.0058
  p_d=0.4  acc=0.6195 +/- 0.0044
  p_d=0.6  acc=0.3790 +/- 0.0104
  p_d=0.8  acc=0.2325 +/- 0.0036

[6/12] sparse_whole_delay_tgt3_str1_seed44
  p_d=0.0  acc=0.8377 +/- 0.0000
  p_d=0.2  acc=0.7695 +/- 0.0086
  p_d=0.4  acc=0.5994 +/- 0.0101
  p_d=0.6  acc=0.3801 +/- 0.0090
  p_d=0.8  acc=0.2187 +/- 0.0013

[7/12] sparse_whole_delay_tgt3_str3_seed42
  p_d=0.0  acc=0.8250 +/- 0.0000
  p_d=0.2  acc=0.7580 +/- 0.0030
  p_d=0.4  acc=0.6221 +/- 0.0025
  p_d=0.6  acc=0.4300 +/- 0.0022
  p_d=0.8  acc=0.2429 +/- 0.0063

[8/12] sparse_whole_delay_tgt3_str3_seed43
  p_d=0.0  acc=0.7996 +/- 0.0000
  p_d=0.2  acc=0.7341 +/- 0.0066
  p_d=0.4  acc=0.6210 +/- 0.0003
  p_d=0.6  acc=0.4422 +/- 0.0061
  p_d=0.8  acc=0.2567 +/- 0.0085

[9/12] sparse_whole_delay_tgt3_str3_seed44
  p_d=0.0  acc=0.8530 +/- 0.0000
  p_d=0.2  acc=0.7709 +/- 0.0011
  p_d=0.4  acc=0.6288 +/- 0.0096
  p_d=0.6  acc=0.4375 +/- 0.0104
  p_d=0.8  acc=0.2614 +/- 0.0038

[10/12] sparse_whole_delay_tgt3_str10_seed42
  p_d=0.0  acc=0.8190 +/- 0.0000
  p_d=0.2  acc=0.7693 +/- 0.0066
  p_d=0.4  acc=0.6774 +/- 0.0132
  p_d=0.6  acc=0.5186 +/- 0.0067
  p_d=0.8  acc=0.3144 +/- 0.0075

[11/12] sparse_whole_delay_tgt3_str10_seed43
  p_d=0.0  acc=0.7796 +/- 0.0000
  p_d=0.2  acc=0.7168 +/- 0.0014
  p_d=0.4  acc=0.5990 +/- 0.0060
  p_d=0.6  acc=0.4355 +/- 0.0045
  p_d=0.8  acc=0.2621 +/- 0.0046

[12/12] sparse_whole_delay_tgt3_str10_seed44
  p_d=0.0  acc=0.8183 +/- 0.0000
  p_d=0.2  acc=0.7769 +/- 0.0044
  p_d=0.4  acc=0.6872 +/- 0.0098
  p_d=0.6  acc=0.5426 +/- 0.0018
  p_d=0.8  acc=0.3255 +/- 0.0117

Deletion sweep saved to D:\IC_2025\IRP\workspace\my_project\exp_sparse_network\deletion\log\sparse_whole_delay_deletion_eval.json

run_tag                                       sp/neuron   acc(0)  acc(0.8)  retention
sparse_whole_delay_tgt3_str0.01_seed42            11.66   0.8831    0.2336      0.220
sparse_whole_delay_tgt3_str0.01_seed43             8.30   0.8637    0.2247      0.215
sparse_whole_delay_tgt3_str0.01_seed44             9.41   0.8591    0.2639      0.264
sparse_whole_delay_tgt3_str1_seed42                4.80   0.8644    0.2552      0.252
sparse_whole_delay_tgt3_str1_seed43                4.98   0.8410    0.2325      0.231
sparse_whole_delay_tgt3_str1_seed44                4.79   0.8377    0.2187      0.214
sparse_whole_delay_tgt3_str3_seed42                3.01   0.8250    0.2429      0.249
sparse_whole_delay_tgt3_str3_seed43                2.78   0.7996    0.2567      0.276
sparse_whole_delay_tgt3_str3_seed44                3.21   0.8530    0.2614      0.263
sparse_whole_delay_tgt3_str10_seed42               2.12   0.8190    0.3144      0.344
sparse_whole_delay_tgt3_str10_seed43               2.21   0.7796    0.2621      0.291
sparse_whole_delay_tgt3_str10_seed44               2.48   0.8183    0.3255      0.359
