D:\IC_2025\IRP\workspace\venv\Lib\site-packages\torch\nn\utils\weight_norm.py:143: FutureWarning: `torch.nn.utils.weight_norm` is deprecated in favor of `torch.nn.utils.parametrizations.weight_norm`.
  WeightNorm.apply(module, name, dim)
Using device: cuda | QUICK_TEST=False
grid: v3L12 | layers: [1, 2] | views: ['l1', 'l2', 'net']

=== delay: 24 checkpoints ===
  windows: l1 [0,90) | l2 [0,160)
run_tag                                      view  sp/neu  sp/act  silent   COUNT   IDENT    FULL    SHUF  TIMING   frac
sparse_whole_delay_v3L12_k1_floor0_seed42      l1    1.08    3.43  68.59%   0.713   0.578   0.830   0.627  +0.203   0.26
sparse_whole_delay_v3L12_k1_floor0_seed42      l2    2.77    4.16  33.55%   0.805   0.542   0.860   0.776  +0.085   0.10
sparse_whole_delay_v3L12_k1_floor0_seed42     net    1.92    3.93  51.07%   0.812   0.666   0.864   0.758  +0.107   0.13
D:\IC_2025\IRP\workspace\venv\Lib\site-packages\torch\nn\utils\weight_norm.py:143: FutureWarning: `torch.nn.utils.weight_norm` is deprecated in favor of `torch.nn.utils.parametrizations.weight_norm`.
  WeightNorm.apply(module, name, dim)
sparse_whole_delay_v3L12_k1_floor0_seed43      l1    1.15    3.47  66.84%   0.717   0.582   0.831   0.645  +0.186   0.24
sparse_whole_delay_v3L12_k1_floor0_seed43      l2    2.70    5.16  47.71%   0.804   0.434   0.862   0.781  +0.081   0.10
sparse_whole_delay_v3L12_k1_floor0_seed43     net    1.92    4.50  57.28%   0.810   0.642   0.868   0.773  +0.095   0.12
D:\IC_2025\IRP\workspace\venv\Lib\site-packages\torch\nn\utils\weight_norm.py:143: FutureWarning: `torch.nn.utils.weight_norm` is deprecated in favor of `torch.nn.utils.parametrizations.weight_norm`.
  WeightNorm.apply(module, name, dim)
sparse_whole_delay_v3L12_k1_floor0_seed44      l1    1.06    3.72  71.57%   0.734   0.582   0.819   0.652  +0.167   0.22
sparse_whole_delay_v3L12_k1_floor0_seed44      l2    2.64    4.24  37.72%   0.806   0.584   0.855   0.780  +0.075   0.09
sparse_whole_delay_v3L12_k1_floor0_seed44     net    1.85    4.08  54.65%   0.812   0.688   0.858   0.768  +0.090   0.11
D:\IC_2025\IRP\workspace\venv\Lib\site-packages\torch\nn\utils\weight_norm.py:143: FutureWarning: `torch.nn.utils.weight_norm` is deprecated in favor of `torch.nn.utils.parametrizations.weight_norm`.
  WeightNorm.apply(module, name, dim)
sparse_whole_delay_v3L12_k1_floor1_seed42      l1    1.92    2.51  23.29%   0.678   0.495   0.829   0.638  +0.191   0.25
sparse_whole_delay_v3L12_k1_floor1_seed42      l2    3.00    3.31   9.23%   0.794   0.548   0.852   0.781  +0.071   0.09
sparse_whole_delay_v3L12_k1_floor1_seed42     net    2.46    2.94  16.26%   0.802   0.659   0.859   0.784  +0.075   0.09
D:\IC_2025\IRP\workspace\venv\Lib\site-packages\torch\nn\utils\weight_norm.py:143: FutureWarning: `torch.nn.utils.weight_norm` is deprecated in favor of `torch.nn.utils.parametrizations.weight_norm`.
  WeightNorm.apply(module, name, dim)
sparse_whole_delay_v3L12_k1_floor1_seed43      l1    1.93    2.49  22.47%   0.701   0.524   0.826   0.647  +0.178   0.23
sparse_whole_delay_v3L12_k1_floor1_seed43      l2    3.01    3.32   9.39%   0.802   0.558   0.854   0.793  +0.061   0.08
sparse_whole_delay_v3L12_k1_floor1_seed43     net    2.47    2.94  15.93%   0.806   0.653   0.861   0.793  +0.068   0.08
D:\IC_2025\IRP\workspace\venv\Lib\site-packages\torch\nn\utils\weight_norm.py:143: FutureWarning: `torch.nn.utils.weight_norm` is deprecated in favor of `torch.nn.utils.parametrizations.weight_norm`.
  WeightNorm.apply(module, name, dim)
sparse_whole_delay_v3L12_k1_floor1_seed44      l1    1.81    2.37  23.62%   0.675   0.513   0.826   0.625  +0.200   0.26
sparse_whole_delay_v3L12_k1_floor1_seed44      l2    3.06    3.37   9.23%   0.784   0.553   0.839   0.772  +0.067   0.09
sparse_whole_delay_v3L12_k1_floor1_seed44     net    2.44    2.91  16.43%   0.780   0.652   0.855   0.773  +0.082   0.10
D:\IC_2025\IRP\workspace\venv\Lib\site-packages\torch\nn\utils\weight_norm.py:143: FutureWarning: `torch.nn.utils.weight_norm` is deprecated in favor of `torch.nn.utils.parametrizations.weight_norm`.
  WeightNorm.apply(module, name, dim)
sparse_whole_delay_v3L12_k2_floor0_seed42      l1    1.17    3.10  62.26%   0.709   0.611   0.824   0.670  +0.154   0.20
sparse_whole_delay_v3L12_k2_floor0_seed42      l2    3.22    4.70  31.49%   0.806   0.486   0.853   0.792  +0.061   0.08
sparse_whole_delay_v3L12_k2_floor0_seed42     net    2.20    4.13  46.88%   0.803   0.695   0.860   0.792  +0.069   0.08
D:\IC_2025\IRP\workspace\venv\Lib\site-packages\torch\nn\utils\weight_norm.py:143: FutureWarning: `torch.nn.utils.weight_norm` is deprecated in favor of `torch.nn.utils.parametrizations.weight_norm`.
  WeightNorm.apply(module, name, dim)
sparse_whole_delay_v3L12_k2_floor0_seed43      l1    1.37    2.78  50.70%   0.738   0.582   0.841   0.665  +0.176   0.22
sparse_whole_delay_v3L12_k2_floor0_seed43      l2    3.54    5.35  33.73%   0.823   0.378   0.857   0.786  +0.071   0.09
sparse_whole_delay_v3L12_k2_floor0_seed43     net    2.46    4.25  42.22%   0.831   0.629   0.877   0.792  +0.085   0.10
D:\IC_2025\IRP\workspace\venv\Lib\site-packages\torch\nn\utils\weight_norm.py:143: FutureWarning: `torch.nn.utils.weight_norm` is deprecated in favor of `torch.nn.utils.parametrizations.weight_norm`.
  WeightNorm.apply(module, name, dim)
sparse_whole_delay_v3L12_k2_floor0_seed44      l1    1.21    3.15  61.49%   0.747   0.606   0.823   0.664  +0.159   0.21
sparse_whole_delay_v3L12_k2_floor0_seed44      l2    3.14    5.29  40.72%   0.820   0.409   0.858   0.788  +0.069   0.09
sparse_whole_delay_v3L12_k2_floor0_seed44     net    2.17    4.45  51.11%   0.824   0.655   0.861   0.780  +0.081   0.10
D:\IC_2025\IRP\workspace\venv\Lib\site-packages\torch\nn\utils\weight_norm.py:143: FutureWarning: `torch.nn.utils.weight_norm` is deprecated in favor of `torch.nn.utils.parametrizations.weight_norm`.
  WeightNorm.apply(module, name, dim)
sparse_whole_delay_v3L12_k2_floor1_seed42      l1    2.11    2.55  17.01%   0.681   0.473   0.816   0.627  +0.189   0.25
sparse_whole_delay_v3L12_k2_floor1_seed42      l2    3.74    3.96   5.44%   0.799   0.507   0.842   0.783  +0.059   0.07
sparse_whole_delay_v3L12_k2_floor1_seed42     net    2.93    3.30  11.23%   0.796   0.627   0.848   0.772  +0.075   0.09
D:\IC_2025\IRP\workspace\venv\Lib\site-packages\torch\nn\utils\weight_norm.py:143: FutureWarning: `torch.nn.utils.weight_norm` is deprecated in favor of `torch.nn.utils.parametrizations.weight_norm`.
  WeightNorm.apply(module, name, dim)
sparse_whole_delay_v3L12_k2_floor1_seed43      l1    2.17    2.62  16.98%   0.686   0.502   0.808   0.613  +0.195   0.26
sparse_whole_delay_v3L12_k2_floor1_seed43      l2    3.74    3.94   5.14%   0.801   0.496   0.848   0.784  +0.065   0.08
sparse_whole_delay_v3L12_k2_floor1_seed43     net    2.95    3.32  11.06%   0.798   0.615   0.852   0.780  +0.072   0.09
D:\IC_2025\IRP\workspace\venv\Lib\site-packages\torch\nn\utils\weight_norm.py:143: FutureWarning: `torch.nn.utils.weight_norm` is deprecated in favor of `torch.nn.utils.parametrizations.weight_norm`.
  WeightNorm.apply(module, name, dim)
sparse_whole_delay_v3L12_k2_floor1_seed44      l1    2.13    2.57  17.14%   0.705   0.512   0.828   0.635  +0.193   0.25
sparse_whole_delay_v3L12_k2_floor1_seed44      l2    3.81    4.03   5.49%   0.816   0.492   0.846   0.805  +0.041   0.05
sparse_whole_delay_v3L12_k2_floor1_seed44     net    2.97    3.35  11.32%   0.826   0.630   0.858   0.804  +0.054   0.07
D:\IC_2025\IRP\workspace\venv\Lib\site-packages\torch\nn\utils\weight_norm.py:143: FutureWarning: `torch.nn.utils.weight_norm` is deprecated in favor of `torch.nn.utils.parametrizations.weight_norm`.
  WeightNorm.apply(module, name, dim)
sparse_whole_delay_v3L12_k4_floor0_seed42      l1    1.68    3.25  48.29%   0.758   0.578   0.848   0.676  +0.172   0.22
sparse_whole_delay_v3L12_k4_floor0_seed42      l2    4.85    6.37  23.84%   0.829   0.370   0.867   0.799  +0.068   0.08
sparse_whole_delay_v3L12_k4_floor0_seed42     net    3.26    5.11  36.07%   0.843   0.616   0.878   0.798  +0.080   0.10
D:\IC_2025\IRP\workspace\venv\Lib\site-packages\torch\nn\utils\weight_norm.py:143: FutureWarning: `torch.nn.utils.weight_norm` is deprecated in favor of `torch.nn.utils.parametrizations.weight_norm`.
  WeightNorm.apply(module, name, dim)
sparse_whole_delay_v3L12_k4_floor0_seed43      l1    1.88    3.36  43.99%   0.740   0.591   0.850   0.672  +0.178   0.22
sparse_whole_delay_v3L12_k4_floor0_seed43      l2    4.86    7.19  32.30%   0.823   0.276   0.879   0.806  +0.073   0.09
sparse_whole_delay_v3L12_k4_floor0_seed43     net    3.37    5.45  38.15%   0.824   0.618   0.880   0.786  +0.095   0.11
D:\IC_2025\IRP\workspace\venv\Lib\site-packages\torch\nn\utils\weight_norm.py:143: FutureWarning: `torch.nn.utils.weight_norm` is deprecated in favor of `torch.nn.utils.parametrizations.weight_norm`.
  WeightNorm.apply(module, name, dim)
sparse_whole_delay_v3L12_k4_floor0_seed44      l1    1.74    3.32  47.69%   0.747   0.601   0.846   0.665  +0.180   0.23
sparse_whole_delay_v3L12_k4_floor0_seed44      l2    4.58    7.18  36.11%   0.806   0.291   0.868   0.797  +0.071   0.09
sparse_whole_delay_v3L12_k4_floor0_seed44     net    3.16    5.44  41.90%   0.823   0.629   0.872   0.784  +0.089   0.11
D:\IC_2025\IRP\workspace\venv\Lib\site-packages\torch\nn\utils\weight_norm.py:143: FutureWarning: `torch.nn.utils.weight_norm` is deprecated in favor of `torch.nn.utils.parametrizations.weight_norm`.
  WeightNorm.apply(module, name, dim)
sparse_whole_delay_v3L12_k4_floor1_seed42      l1    2.79    3.14  11.36%   0.708   0.473   0.833   0.643  +0.190   0.24
sparse_whole_delay_v3L12_k4_floor1_seed42      l2    5.52    5.63   2.05%   0.822   0.329   0.862   0.806  +0.056   0.07
sparse_whole_delay_v3L12_k4_floor1_seed42     net    4.15    4.45   6.70%   0.817   0.560   0.874   0.794  +0.081   0.10
D:\IC_2025\IRP\workspace\venv\Lib\site-packages\torch\nn\utils\weight_norm.py:143: FutureWarning: `torch.nn.utils.weight_norm` is deprecated in favor of `torch.nn.utils.parametrizations.weight_norm`.
  WeightNorm.apply(module, name, dim)
sparse_whole_delay_v3L12_k4_floor1_seed43      l1    2.84    3.17  10.32%   0.711   0.447   0.838   0.647  +0.192   0.24
sparse_whole_delay_v3L12_k4_floor1_seed43      l2    5.55    5.69   2.40%   0.834   0.362   0.872   0.819  +0.053   0.06
sparse_whole_delay_v3L12_k4_floor1_seed43     net    4.20    4.48   6.36%   0.822   0.552   0.874   0.802  +0.072   0.09
D:\IC_2025\IRP\workspace\venv\Lib\site-packages\torch\nn\utils\weight_norm.py:143: FutureWarning: `torch.nn.utils.weight_norm` is deprecated in favor of `torch.nn.utils.parametrizations.weight_norm`.
  WeightNorm.apply(module, name, dim)
sparse_whole_delay_v3L12_k4_floor1_seed44      l1    2.86    3.18  10.21%   0.690   0.430   0.828   0.634  +0.194   0.25
sparse_whole_delay_v3L12_k4_floor1_seed44      l2    5.40    5.51   1.96%   0.827   0.327   0.866   0.820  +0.046   0.06
sparse_whole_delay_v3L12_k4_floor1_seed44     net    4.13    4.40   6.09%   0.824   0.506   0.866   0.802  +0.063   0.08
D:\IC_2025\IRP\workspace\venv\Lib\site-packages\torch\nn\utils\weight_norm.py:143: FutureWarning: `torch.nn.utils.weight_norm` is deprecated in favor of `torch.nn.utils.parametrizations.weight_norm`.
  WeightNorm.apply(module, name, dim)
sparse_whole_delay_v3L12_k8_floor0_seed42      l1    2.92    4.36  33.09%   0.754   0.538   0.859   0.679  +0.180   0.22
sparse_whole_delay_v3L12_k8_floor0_seed42      l2    8.68   10.43  16.79%   0.851   0.195   0.898   0.819  +0.079   0.09
sparse_whole_delay_v3L12_k8_floor0_seed42     net    5.80    7.72  24.94%   0.842   0.566   0.899   0.804  +0.095   0.11
D:\IC_2025\IRP\workspace\venv\Lib\site-packages\torch\nn\utils\weight_norm.py:143: FutureWarning: `torch.nn.utils.weight_norm` is deprecated in favor of `torch.nn.utils.parametrizations.weight_norm`.
  WeightNorm.apply(module, name, dim)
sparse_whole_delay_v3L12_k8_floor0_seed43      l1    2.50    4.42  43.47%   0.751   0.542   0.864   0.679  +0.185   0.23
sparse_whole_delay_v3L12_k8_floor0_seed43      l2    7.07   10.54  32.93%   0.844   0.142   0.882   0.820  +0.062   0.07
sparse_whole_delay_v3L12_k8_floor0_seed43     net    4.78    7.74  38.20%   0.842   0.548   0.891   0.802  +0.090   0.11
D:\IC_2025\IRP\workspace\venv\Lib\site-packages\torch\nn\utils\weight_norm.py:143: FutureWarning: `torch.nn.utils.weight_norm` is deprecated in favor of `torch.nn.utils.parametrizations.weight_norm`.
  WeightNorm.apply(module, name, dim)
sparse_whole_delay_v3L12_k8_floor0_seed44      l1    2.76    4.56  39.50%   0.778   0.544   0.862   0.689  +0.173   0.21
sparse_whole_delay_v3L12_k8_floor0_seed44      l2    7.07   11.11  36.36%   0.854   0.191   0.882   0.815  +0.067   0.08
sparse_whole_delay_v3L12_k8_floor0_seed44     net    4.92    7.92  37.93%   0.858   0.551   0.892   0.804  +0.088   0.10
D:\IC_2025\IRP\workspace\venv\Lib\site-packages\torch\nn\utils\weight_norm.py:143: FutureWarning: `torch.nn.utils.weight_norm` is deprecated in favor of `torch.nn.utils.parametrizations.weight_norm`.
  WeightNorm.apply(module, name, dim)
sparse_whole_delay_v3L12_k8_floor1_seed42      l1    4.07    4.34   6.24%   0.711   0.397   0.852   0.646  +0.206   0.26
sparse_whole_delay_v3L12_k8_floor1_seed42      l2    8.41    8.50   1.10%   0.845   0.266   0.887   0.826  +0.061   0.07
sparse_whole_delay_v3L12_k8_floor1_seed42     net    6.24    6.48   3.67%   0.840   0.486   0.886   0.813  +0.073   0.09
D:\IC_2025\IRP\workspace\venv\Lib\site-packages\torch\nn\utils\weight_norm.py:143: FutureWarning: `torch.nn.utils.weight_norm` is deprecated in favor of `torch.nn.utils.parametrizations.weight_norm`.
  WeightNorm.apply(module, name, dim)
sparse_whole_delay_v3L12_k8_floor1_seed43      l1    4.30    4.56   5.76%   0.725   0.395   0.849   0.673  +0.176   0.22
sparse_whole_delay_v3L12_k8_floor1_seed43      l2    8.79    8.88   0.95%   0.856   0.252   0.895   0.844  +0.051   0.06
sparse_whole_delay_v3L12_k8_floor1_seed43     net    6.55    6.77   3.36%   0.848   0.458   0.886   0.826  +0.059   0.07
D:\IC_2025\IRP\workspace\venv\Lib\site-packages\torch\nn\utils\weight_norm.py:143: FutureWarning: `torch.nn.utils.weight_norm` is deprecated in favor of `torch.nn.utils.parametrizations.weight_norm`.
  WeightNorm.apply(module, name, dim)
sparse_whole_delay_v3L12_k8_floor1_seed44      l1    4.25    4.52   5.98%   0.728   0.397   0.855   0.671  +0.184   0.23
sparse_whole_delay_v3L12_k8_floor1_seed44      l2    8.36    8.45   1.10%   0.864   0.305   0.880   0.836  +0.044   0.05
sparse_whole_delay_v3L12_k8_floor1_seed44     net    6.30    6.53   3.54%   0.850   0.469   0.888   0.822  +0.066   0.08
D:\IC_2025\IRP\workspace\venv\Lib\site-packages\torch\nn\utils\weight_norm.py:143: FutureWarning: `torch.nn.utils.weight_norm` is deprecated in favor of `torch.nn.utils.parametrizations.weight_norm`.
  WeightNorm.apply(module, name, dim)
Written to D:\IC_2025\IRP\workspace\my_project\exp_sparse_network\v3_analysis\log\hidden_channel_decode_v3L12_delay.json

=== nodelay: 24 checkpoints ===
  windows: l1 [0,90) | l2 [0,90)
run_tag                                      view  sp/neu  sp/act  silent   COUNT   IDENT    FULL    SHUF  TIMING   frac
sparse_whole_nodelay_v3L12_k1_floor0_seed42    l1    0.37    1.87  79.96%   0.609   0.522   0.758   0.557  +0.201   0.28
sparse_whole_nodelay_v3L12_k1_floor0_seed42    l2    0.97    2.30  57.88%   0.601   0.463   0.748   0.567  +0.181   0.26
sparse_whole_nodelay_v3L12_k1_floor0_seed42   net    0.67    2.16  68.92%   0.617   0.550   0.774   0.593  +0.180   0.25
D:\IC_2025\IRP\workspace\venv\Lib\site-packages\torch\nn\utils\weight_norm.py:143: FutureWarning: `torch.nn.utils.weight_norm` is deprecated in favor of `torch.nn.utils.parametrizations.weight_norm`.
  WeightNorm.apply(module, name, dim)
sparse_whole_nodelay_v3L12_k1_floor0_seed43    l1    0.37    1.93  81.00%   0.627   0.526   0.755   0.553  +0.202   0.29
sparse_whole_nodelay_v3L12_k1_floor0_seed43    l2    0.98    2.38  58.73%   0.593   0.488   0.760   0.564  +0.196   0.28
sparse_whole_nodelay_v3L12_k1_floor0_seed43   net    0.67    2.24  69.87%   0.641   0.573   0.784   0.586  +0.198   0.27
D:\IC_2025\IRP\workspace\venv\Lib\site-packages\torch\nn\utils\weight_norm.py:143: FutureWarning: `torch.nn.utils.weight_norm` is deprecated in favor of `torch.nn.utils.parametrizations.weight_norm`.
  WeightNorm.apply(module, name, dim)
sparse_whole_nodelay_v3L12_k1_floor0_seed44    l1    0.43    2.02  78.64%   0.621   0.525   0.758   0.563  +0.195   0.28
sparse_whole_nodelay_v3L12_k1_floor0_seed44    l2    1.06    2.52  57.88%   0.601   0.456   0.738   0.583  +0.155   0.23
sparse_whole_nodelay_v3L12_k1_floor0_seed44   net    0.75    2.35  68.26%   0.629   0.583   0.770   0.599  +0.170   0.24
D:\IC_2025\IRP\workspace\venv\Lib\site-packages\torch\nn\utils\weight_norm.py:143: FutureWarning: `torch.nn.utils.weight_norm` is deprecated in favor of `torch.nn.utils.parametrizations.weight_norm`.
  WeightNorm.apply(module, name, dim)
sparse_whole_nodelay_v3L12_k1_floor1_seed42    l1    1.38    1.80  23.16%   0.654   0.510   0.814   0.610  +0.204   0.27
sparse_whole_nodelay_v3L12_k1_floor1_seed42    l2    2.13    2.46  13.07%   0.621   0.441   0.774   0.605  +0.169   0.23
sparse_whole_nodelay_v3L12_k1_floor1_seed42   net    1.76    2.15  18.12%   0.661   0.581   0.812   0.647  +0.164   0.22
D:\IC_2025\IRP\workspace\venv\Lib\site-packages\torch\nn\utils\weight_norm.py:143: FutureWarning: `torch.nn.utils.weight_norm` is deprecated in favor of `torch.nn.utils.parametrizations.weight_norm`.
  WeightNorm.apply(module, name, dim)
sparse_whole_nodelay_v3L12_k1_floor1_seed43    l1    1.44    1.80  20.40%   0.653   0.492   0.806   0.603  +0.203   0.27
sparse_whole_nodelay_v3L12_k1_floor1_seed43    l2    2.20    2.51  12.27%   0.634   0.413   0.776   0.601  +0.176   0.24
sparse_whole_nodelay_v3L12_k1_floor1_seed43   net    1.82    2.17  16.33%   0.671   0.551   0.816   0.639  +0.177   0.23
D:\IC_2025\IRP\workspace\venv\Lib\site-packages\torch\nn\utils\weight_norm.py:143: FutureWarning: `torch.nn.utils.weight_norm` is deprecated in favor of `torch.nn.utils.parametrizations.weight_norm`.
  WeightNorm.apply(module, name, dim)
sparse_whole_nodelay_v3L12_k1_floor1_seed44    l1    1.36    1.77  23.23%   0.611   0.461   0.794   0.552  +0.241   0.32
sparse_whole_nodelay_v3L12_k1_floor1_seed44    l2    2.22    2.52  12.05%   0.578   0.381   0.746   0.551  +0.195   0.28
sparse_whole_nodelay_v3L12_k1_floor1_seed44   net    1.79    2.17  17.64%   0.621   0.510   0.786   0.602  +0.184   0.25
D:\IC_2025\IRP\workspace\venv\Lib\site-packages\torch\nn\utils\weight_norm.py:143: FutureWarning: `torch.nn.utils.weight_norm` is deprecated in favor of `torch.nn.utils.parametrizations.weight_norm`.
  WeightNorm.apply(module, name, dim)
sparse_whole_nodelay_v3L12_k2_floor0_seed42    l1    0.65    2.30  71.75%   0.650   0.540   0.792   0.584  +0.208   0.28
sparse_whole_nodelay_v3L12_k2_floor0_seed42    l2    1.27    2.78  54.28%   0.661   0.442   0.763   0.607  +0.156   0.22
sparse_whole_nodelay_v3L12_k2_floor0_seed42   net    0.96    2.60  63.01%   0.675   0.573   0.799   0.636  +0.163   0.22
D:\IC_2025\IRP\workspace\venv\Lib\site-packages\torch\nn\utils\weight_norm.py:143: FutureWarning: `torch.nn.utils.weight_norm` is deprecated in favor of `torch.nn.utils.parametrizations.weight_norm`.
  WeightNorm.apply(module, name, dim)
sparse_whole_nodelay_v3L12_k2_floor0_seed43    l1    0.62    2.16  71.41%   0.665   0.541   0.785   0.582  +0.202   0.28
sparse_whole_nodelay_v3L12_k2_floor0_seed43    l2    1.35    2.87  52.87%   0.627   0.453   0.772   0.613  +0.160   0.22
sparse_whole_nodelay_v3L12_k2_floor0_seed43   net    0.99    2.60  62.14%   0.671   0.591   0.797   0.628  +0.169   0.23
D:\IC_2025\IRP\workspace\venv\Lib\site-packages\torch\nn\utils\weight_norm.py:143: FutureWarning: `torch.nn.utils.weight_norm` is deprecated in favor of `torch.nn.utils.parametrizations.weight_norm`.
  WeightNorm.apply(module, name, dim)
sparse_whole_nodelay_v3L12_k2_floor0_seed44    l1    0.61    2.10  71.13%   0.662   0.566   0.789   0.587  +0.202   0.27
sparse_whole_nodelay_v3L12_k2_floor0_seed44    l2    1.37    2.93  53.31%   0.634   0.433   0.772   0.587  +0.184   0.26
sparse_whole_nodelay_v3L12_k2_floor0_seed44   net    0.99    2.61  62.22%   0.671   0.605   0.805   0.612  +0.193   0.26
D:\IC_2025\IRP\workspace\venv\Lib\site-packages\torch\nn\utils\weight_norm.py:143: FutureWarning: `torch.nn.utils.weight_norm` is deprecated in favor of `torch.nn.utils.parametrizations.weight_norm`.
  WeightNorm.apply(module, name, dim)
sparse_whole_nodelay_v3L12_k2_floor1_seed42    l1    1.76    2.08  15.30%   0.659   0.464   0.818   0.586  +0.232   0.30
sparse_whole_nodelay_v3L12_k2_floor1_seed42    l2    2.66    2.91   8.37%   0.603   0.376   0.762   0.585  +0.177   0.25
sparse_whole_nodelay_v3L12_k2_floor1_seed42   net    2.21    2.51  11.84%   0.659   0.531   0.802   0.625  +0.176   0.23
D:\IC_2025\IRP\workspace\venv\Lib\site-packages\torch\nn\utils\weight_norm.py:143: FutureWarning: `torch.nn.utils.weight_norm` is deprecated in favor of `torch.nn.utils.parametrizations.weight_norm`.
  WeightNorm.apply(module, name, dim)
sparse_whole_nodelay_v3L12_k2_floor1_seed43    l1    1.74    2.04  14.62%   0.660   0.473   0.816   0.595  +0.221   0.29
sparse_whole_nodelay_v3L12_k2_floor1_seed43    l2    2.66    2.89   7.98%   0.619   0.368   0.774   0.596  +0.178   0.25
sparse_whole_nodelay_v3L12_k2_floor1_seed43   net    2.20    2.48  11.30%   0.677   0.518   0.808   0.627  +0.180   0.24
D:\IC_2025\IRP\workspace\venv\Lib\site-packages\torch\nn\utils\weight_norm.py:143: FutureWarning: `torch.nn.utils.weight_norm` is deprecated in favor of `torch.nn.utils.parametrizations.weight_norm`.
  WeightNorm.apply(module, name, dim)
sparse_whole_nodelay_v3L12_k2_floor1_seed44    l1    1.70    1.99  14.62%   0.669   0.485   0.808   0.606  +0.202   0.27
sparse_whole_nodelay_v3L12_k2_floor1_seed44    l2    2.54    2.77   8.58%   0.634   0.387   0.774   0.599  +0.174   0.24
sparse_whole_nodelay_v3L12_k2_floor1_seed44   net    2.12    2.39  11.60%   0.686   0.538   0.804   0.639  +0.166   0.22
D:\IC_2025\IRP\workspace\venv\Lib\site-packages\torch\nn\utils\weight_norm.py:143: FutureWarning: `torch.nn.utils.weight_norm` is deprecated in favor of `torch.nn.utils.parametrizations.weight_norm`.
  WeightNorm.apply(module, name, dim)
sparse_whole_nodelay_v3L12_k4_floor0_seed42    l1    1.09    2.79  61.06%   0.702   0.572   0.826   0.641  +0.185   0.24
sparse_whole_nodelay_v3L12_k4_floor0_seed42    l2    1.74    3.54  50.75%   0.664   0.393   0.792   0.628  +0.164   0.22
sparse_whole_nodelay_v3L12_k4_floor0_seed42   net    1.41    3.21  55.91%   0.702   0.598   0.830   0.667  +0.162   0.21
D:\IC_2025\IRP\workspace\venv\Lib\site-packages\torch\nn\utils\weight_norm.py:143: FutureWarning: `torch.nn.utils.weight_norm` is deprecated in favor of `torch.nn.utils.parametrizations.weight_norm`.
  WeightNorm.apply(module, name, dim)
sparse_whole_nodelay_v3L12_k4_floor0_seed43    l1    1.01    2.62  61.31%   0.695   0.536   0.819   0.617  +0.202   0.26
sparse_whole_nodelay_v3L12_k4_floor0_seed43    l2    1.82    3.71  51.05%   0.665   0.385   0.788   0.616  +0.172   0.23
sparse_whole_nodelay_v3L12_k4_floor0_seed43   net    1.41    3.23  56.18%   0.699   0.559   0.820   0.639  +0.180   0.23
D:\IC_2025\IRP\workspace\venv\Lib\site-packages\torch\nn\utils\weight_norm.py:143: FutureWarning: `torch.nn.utils.weight_norm` is deprecated in favor of `torch.nn.utils.parametrizations.weight_norm`.
  WeightNorm.apply(module, name, dim)
sparse_whole_nodelay_v3L12_k4_floor0_seed44    l1    0.87    2.36  62.98%   0.663   0.532   0.802   0.605  +0.196   0.26
sparse_whole_nodelay_v3L12_k4_floor0_seed44    l2    1.90    3.38  43.75%   0.657   0.463   0.809   0.612  +0.197   0.26
sparse_whole_nodelay_v3L12_k4_floor0_seed44   net    1.39    2.98  53.37%   0.677   0.595   0.818   0.637  +0.182   0.24
D:\IC_2025\IRP\workspace\venv\Lib\site-packages\torch\nn\utils\weight_norm.py:143: FutureWarning: `torch.nn.utils.weight_norm` is deprecated in favor of `torch.nn.utils.parametrizations.weight_norm`.
  WeightNorm.apply(module, name, dim)
sparse_whole_nodelay_v3L12_k4_floor1_seed42    l1    2.44    2.70   9.65%   0.683   0.466   0.839   0.620  +0.219   0.28
sparse_whole_nodelay_v3L12_k4_floor1_seed42    l2    3.44    3.61   4.74%   0.666   0.315   0.796   0.636  +0.160   0.21
sparse_whole_nodelay_v3L12_k4_floor1_seed42   net    2.94    3.17   7.19%   0.697   0.513   0.832   0.671  +0.161   0.21
D:\IC_2025\IRP\workspace\venv\Lib\site-packages\torch\nn\utils\weight_norm.py:143: FutureWarning: `torch.nn.utils.weight_norm` is deprecated in favor of `torch.nn.utils.parametrizations.weight_norm`.
  WeightNorm.apply(module, name, dim)
sparse_whole_nodelay_v3L12_k4_floor1_seed43    l1    2.46    2.69   8.55%   0.731   0.465   0.821   0.645  +0.176   0.23
sparse_whole_nodelay_v3L12_k4_floor1_seed43    l2    3.46    3.63   4.73%   0.695   0.316   0.800   0.650  +0.150   0.20
sparse_whole_nodelay_v3L12_k4_floor1_seed43   net    2.96    3.17   6.64%   0.749   0.515   0.823   0.693  +0.130   0.17
D:\IC_2025\IRP\workspace\venv\Lib\site-packages\torch\nn\utils\weight_norm.py:143: FutureWarning: `torch.nn.utils.weight_norm` is deprecated in favor of `torch.nn.utils.parametrizations.weight_norm`.
  WeightNorm.apply(module, name, dim)
sparse_whole_nodelay_v3L12_k4_floor1_seed44    l1    2.39    2.67  10.74%   0.707   0.448   0.833   0.641  +0.192   0.25
sparse_whole_nodelay_v3L12_k4_floor1_seed44    l2    3.45    3.62   4.63%   0.665   0.337   0.789   0.632  +0.157   0.21
sparse_whole_nodelay_v3L12_k4_floor1_seed44   net    2.92    3.16   7.68%   0.714   0.490   0.824   0.675  +0.149   0.19
D:\IC_2025\IRP\workspace\venv\Lib\site-packages\torch\nn\utils\weight_norm.py:143: FutureWarning: `torch.nn.utils.weight_norm` is deprecated in favor of `torch.nn.utils.parametrizations.weight_norm`.
  WeightNorm.apply(module, name, dim)
sparse_whole_nodelay_v3L12_k8_floor0_seed42    l1    1.76    3.49  49.61%   0.721   0.538   0.854   0.646  +0.208   0.26
sparse_whole_nodelay_v3L12_k8_floor0_seed42    l2    2.66    5.52  51.88%   0.685   0.275   0.812   0.645  +0.168   0.22
sparse_whole_nodelay_v3L12_k8_floor0_seed42   net    2.21    4.48  50.74%   0.724   0.560   0.847   0.677  +0.170   0.21
D:\IC_2025\IRP\workspace\venv\Lib\site-packages\torch\nn\utils\weight_norm.py:143: FutureWarning: `torch.nn.utils.weight_norm` is deprecated in favor of `torch.nn.utils.parametrizations.weight_norm`.
  WeightNorm.apply(module, name, dim)
sparse_whole_nodelay_v3L12_k8_floor0_seed43    l1    1.63    3.44  52.44%   0.725   0.497   0.840   0.637  +0.203   0.26
sparse_whole_nodelay_v3L12_k8_floor0_seed43    l2    2.61    5.16  49.46%   0.673   0.324   0.799   0.620  +0.179   0.24
sparse_whole_nodelay_v3L12_k8_floor0_seed43   net    2.12    4.32  50.95%   0.718   0.529   0.838   0.659  +0.179   0.23
D:\IC_2025\IRP\workspace\venv\Lib\site-packages\torch\nn\utils\weight_norm.py:143: FutureWarning: `torch.nn.utils.weight_norm` is deprecated in favor of `torch.nn.utils.parametrizations.weight_norm`.
  WeightNorm.apply(module, name, dim)
sparse_whole_nodelay_v3L12_k8_floor0_seed44    l1    1.77    3.50  49.43%   0.710   0.542   0.840   0.650  +0.190   0.24
sparse_whole_nodelay_v3L12_k8_floor0_seed44    l2    2.69    5.28  49.02%   0.680   0.302   0.788   0.635  +0.152   0.21
sparse_whole_nodelay_v3L12_k8_floor0_seed44   net    2.23    4.39  49.22%   0.717   0.560   0.829   0.675  +0.154   0.20
D:\IC_2025\IRP\workspace\venv\Lib\site-packages\torch\nn\utils\weight_norm.py:143: FutureWarning: `torch.nn.utils.weight_norm` is deprecated in favor of `torch.nn.utils.parametrizations.weight_norm`.
  WeightNorm.apply(module, name, dim)
sparse_whole_nodelay_v3L12_k8_floor1_seed42    l1    3.64    3.89   6.25%   0.708   0.390   0.845   0.651  +0.194   0.24
sparse_whole_nodelay_v3L12_k8_floor1_seed42    l2    5.03    5.14   2.01%   0.683   0.236   0.814   0.641  +0.173   0.23
sparse_whole_nodelay_v3L12_k8_floor1_seed42   net    4.34    4.53   4.13%   0.718   0.422   0.837   0.671  +0.166   0.21
D:\IC_2025\IRP\workspace\venv\Lib\site-packages\torch\nn\utils\weight_norm.py:143: FutureWarning: `torch.nn.utils.weight_norm` is deprecated in favor of `torch.nn.utils.parametrizations.weight_norm`.
  WeightNorm.apply(module, name, dim)
sparse_whole_nodelay_v3L12_k8_floor1_seed43    l1    3.59    3.85   6.59%   0.697   0.391   0.845   0.631  +0.214   0.27
sparse_whole_nodelay_v3L12_k8_floor1_seed43    l2    4.99    5.09   2.14%   0.686   0.252   0.799   0.643  +0.156   0.21
sparse_whole_nodelay_v3L12_k8_floor1_seed43   net    4.29    4.49   4.36%   0.717   0.442   0.826   0.673  +0.152   0.20
D:\IC_2025\IRP\workspace\venv\Lib\site-packages\torch\nn\utils\weight_norm.py:143: FutureWarning: `torch.nn.utils.weight_norm` is deprecated in favor of `torch.nn.utils.parametrizations.weight_norm`.
  WeightNorm.apply(module, name, dim)
sparse_whole_nodelay_v3L12_k8_floor1_seed44    l1    3.53    3.79   6.89%   0.699   0.397   0.848   0.616  +0.232   0.29
sparse_whole_nodelay_v3L12_k8_floor1_seed44    l2    4.95    5.07   2.28%   0.670   0.275   0.817   0.642  +0.175   0.23
sparse_whole_nodelay_v3L12_k8_floor1_seed44   net    4.24    4.44   4.58%   0.703   0.443   0.846   0.655  +0.192   0.24
Written to D:\IC_2025\IRP\workspace\my_project\exp_sparse_network\v3_analysis\log\hidden_channel_decode_v3L12_nodelay.json
