Using device: cuda
Padded time dimension from 100 to 200
Loaded D:\IC_2025\IRP\workspace\my_project\exp_sparse_network\shd\shd_data\shd_whole.mat: X=(9984, 700, 200), Y=(9984,), classes=20
Train: 5990 | Val: 1498 | Test: 1497
k=1, ceiling_strength=10 (probe used 3), 400 epochs
=== floor=0 ===
              str=3 (probe)     str=10
           a         6.1700     4.0020
           s         0.6271     0.7213
   sp/neuron         2.3000     1.1155
      over_k         0.2733     0.1651
   clean_acc         0.8183     0.6854
  VERDICT: survived
=== floor=1 ===
              str=3 (probe)     str=10
           a         4.9000     2.6606
           s         0.1096     0.2263
   sp/neuron         4.3600     2.0584
      over_k         0.6707     0.4049
   clean_acc         0.8243     0.7709
  VERDICT: survived
