Using device: cuda
Padded time dimension from 100 to 200
Loaded D:\IC_2025\IRP\workspace\my_project\exp_sparse_network\shd\shd_data\shd_whole.mat: X=(9984, 700, 200), Y=(9984,), classes=20
Train: 5990 | Val: 1498 | Test: 1497
no-delay arm | k=1, floor=0, ceiling_strength=10, 120 epochs
======================================================================
warmup=20
======================================================================
 epoch   silent       a   sp/neu  val_acc
     0   49.1%   11.95    6.318    5.1%
    19   45.4%    8.72    4.760   36.5%
    20   61.1%    5.72    2.301   31.6%
    25   78.6%    3.80    0.811   30.7%
    40   80.2%    3.52    0.696   36.8%
    70   81.9%    3.27    0.592   41.5%
   119   81.8%    3.01    0.549   48.8%
  test: a=2.96 s=82.1% sp/neu=0.53 acc=0.438
  VERDICT: survived
======================================================================
warmup=50
======================================================================
 epoch   silent       a   sp/neu  val_acc
     0   49.1%   11.95    6.318    5.1%
    49   50.3%    9.39    4.667   43.4%
    50   56.9%    7.05    3.079   41.5%
    55   69.8%    5.14    1.553   39.2%
    70   75.3%    3.75    0.927   47.5%
   100   77.8%    3.13    0.696   42.8%
   119   78.0%    3.26    0.716   47.1%
  test: a=3.51 s=80.3% sp/neu=0.69 acc=0.425
  VERDICT: survived
