Using device: cuda
######################################################################
# Sparse-network milestone v3 (training): SHD whole, SGD-delay
# QUICK_TEST=True | epochs=400 | warmup=20
# mechanism = per-pair ceiling relu(count-k) + potential floor relu(margin - max_t u)
# ceiling k: [1.0, 8.0]  (strength 3)
# floor strengths: [0.0, 1.0]  (margin 11, theta 10)
# seeds: [42]  ->  4 models
######################################################################
Padded time dimension from 100 to 200
Loaded D:\IC_2025\IRP\workspace\my_project\exp_sparse_network\shd\shd_data\shd_whole.mat: X=(9984, 700, 200), Y=(9984,), classes=20
Train: 5990 | Val: 1498 | Test: 1497
============================================================
  Training sparse_whole_delay_v3_k1_floor0_seed42_probe
============================================================
Model saved to D:\IC_2025\IRP\workspace\my_project\exp_sparse_network\sn_data\sparse_whole_delay_v3_k1_floor0_seed42_probe.pt
  clean_acc=0.8183 | a=6.17 | s=62.71% | sp/neuron=2.30 | over_k=27.33%
  Training log saved to D:\IC_2025\IRP\workspace\my_project\exp_sparse_network\sn_log\sparse_whole_delay_v3_k1_floor0_seed42_probe_training_log.json
============================================================
  Training sparse_whole_delay_v3_k1_floor1_seed42_probe
============================================================
Model saved to D:\IC_2025\IRP\workspace\my_project\exp_sparse_network\sn_data\sparse_whole_delay_v3_k1_floor1_seed42_probe.pt
  clean_acc=0.8243 | a=4.90 | s=10.96% | sp/neuron=4.36 | over_k=67.07%
  Training log saved to D:\IC_2025\IRP\workspace\my_project\exp_sparse_network\sn_log\sparse_whole_delay_v3_k1_floor1_seed42_probe_training_log.json
============================================================
  Training sparse_whole_delay_v3_k8_floor0_seed42_probe
============================================================
Model saved to D:\IC_2025\IRP\workspace\my_project\exp_sparse_network\sn_data\sparse_whole_delay_v3_k8_floor0_seed42_probe.pt
  clean_acc=0.8243 | a=7.63 | s=45.91% | sp/neuron=4.13 | over_k=16.86%
  Training log saved to D:\IC_2025\IRP\workspace\my_project\exp_sparse_network\sn_log\sparse_whole_delay_v3_k8_floor0_seed42_probe_training_log.json
============================================================
  Training sparse_whole_delay_v3_k8_floor1_seed42_probe
============================================================
Model saved to D:\IC_2025\IRP\workspace\my_project\exp_sparse_network\sn_data\sparse_whole_delay_v3_k8_floor1_seed42_probe.pt
  clean_acc=0.8644 | a=6.98 | s=4.27% | sp/neuron=6.68 | over_k=25.75%
  Training log saved to D:\IC_2025\IRP\workspace\my_project\exp_sparse_network\sn_log\sparse_whole_delay_v3_k8_floor1_seed42_probe_training_log.json
Summary saved to D:\IC_2025\IRP\workspace\my_project\exp_sparse_network\sn_log\sparse_whole_delay_v3_train_summary_probe.json
run_tag                                                    clean_acc       a        s   sp/neu   over_k   sub_th
sparse_whole_delay_v3_k1_floor0_seed42_probe                  0.8183    6.17   62.71%     2.30   27.33%   64.47%
sparse_whole_delay_v3_k1_floor1_seed42_probe                  0.8243    4.90   10.96%     4.36   67.07%   16.37%
sparse_whole_delay_v3_k8_floor0_seed42_probe                  0.8243    7.63   45.91%     4.13   16.86%   47.93%
sparse_whole_delay_v3_k8_floor1_seed42_probe                  0.8644    6.98    4.27%     6.68   25.75%    6.16% !
  ! = spikes_per_neuron above the natural 6.3 ¡ª v2.2's failure mode.
    k  floor=0 silent  floor=on silent  separation
    1         62.71%          10.96%    +51.74%  OK
    8         45.91%           4.27%    +41.64%  OK
  Target separation >= 20% at matched k. If too small, raise FLOOR_STRENGTH.
======================================================================
DESIGN ACCEPTANCE CHECK (n=4)
  rho(a, s) = +0.000  (p = 1), threshold |rho| <= 0.5
  PASS ¡ª the factorial broke the confound
  For reference, v1's observational values were -0.943 (no-delay) and -0.455 (delay).
======================================================================
