Using device: cuda
Padded time dimension from 100 to 200
Loaded D:\IC_2025\IRP\workspace\my_project\exp_sparse_network\shd\shd_data\shd_whole.mat: X=(9984, 700, 200), Y=(9984,), classes=20
Train: 5990 | Val: 1498 | Test: 1497
no-delay interior | k=[2.0, 4.0], floor=[0.0, 1.0], ceiling_strength=10, warmup=20, 400 epochs
============================================================
  k=2 floor=0
============================================================
  clean_acc=0.4469 | a=2.46 | s=77.33% | sp/neuron=0.56 | over_k=6.98%
============================================================
  k=2 floor=1
============================================================
  clean_acc=0.5097 | a=2.11 | s=13.77% | sp/neuron=1.82 | over_k=19.17%
============================================================
  k=4 floor=0
============================================================
  clean_acc=0.4636 | a=3.02 | s=67.46% | sp/neuron=0.98 | over_k=6.36%
============================================================
  k=4 floor=1
============================================================
  clean_acc=0.5184 | a=2.74 | s=9.28% | sp/neuron=2.49 | over_k=10.77%
======================================================================
COMPLETED 8-CELL MAP (no-delay, seed 42, 400 ep)
======================================================================
   k  floor  clean_acc       a         s   sp/neu   over_k
   1      0     0.4729    2.69   80.90%     0.51    9.39%
   1      1     0.5003    1.91   21.55%     1.50   34.15%
   2      0     0.4469    2.46   77.33%     0.56    6.98%
   2      1     0.5097    2.11   13.77%     1.82   19.17%
   4      0     0.4636    3.02   67.46%     0.98    6.36%
   4      1     0.5184    2.74    9.28%     2.49   10.77%
   8      0     0.5010    3.57   57.31%     1.52    2.83%
   8      1     0.5364    3.81    6.72%     3.55    5.19%
  floor=0: a across k = 1->2.69, 2->2.46, 4->3.02, 8->3.57
    span 1.45x | monotone in k: NO
  floor=1: a across k = 1->1.91, 2->2.11, 4->2.74, 8->3.81
    span 1.99x | monotone in k: YES
======================================================================
DESIGN ACCEPTANCE CHECK across all 8 cells (1 seed)
  rho(a, s) = -0.238 (p = 0.5702), threshold |rho| <= 0.5
  PASS  -- v1 observational was -0.943 in this arm
======================================================================
Written to d:\IC_2025\IRP\workspace\my_project\exp_sparse_network\v3_analysis\log\nodelay_interior.json
